------------------------------------------------------------
Timing Analyzer Summary
------------------------------------------------------------

Type  : Slow 1100mV 85C Model Setup 'clk'
Slack : -10.068
TNS   : -3876.874

Type  : Slow 1100mV 85C Model Hold 'clk'
Slack : 0.382
TNS   : 0.000

Type  : Slow 1100mV 85C Model Minimum Pulse Width 'clk'
Slack : -0.538
TNS   : -433.404

Type  : Slow 1100mV 0C Model Setup 'clk'
Slack : -9.822
TNS   : -3777.447

Type  : Slow 1100mV 0C Model Hold 'clk'
Slack : 0.380
TNS   : 0.000

Type  : Slow 1100mV 0C Model Minimum Pulse Width 'clk'
Slack : -0.508
TNS   : -421.167

Type  : Fast 1100mV 85C Model Setup 'clk'
Slack : -5.941
TNS   : -2219.387

Type  : Fast 1100mV 85C Model Hold 'clk'
Slack : 0.203
TNS   : 0.000

Type  : Fast 1100mV 85C Model Minimum Pulse Width 'clk'
Slack : -0.640
TNS   : -434.689

Type  : Fast 1100mV 0C Model Setup 'clk'
Slack : -5.177
TNS   : -1946.614

Type  : Fast 1100mV 0C Model Hold 'clk'
Slack : 0.191
TNS   : 0.000

Type  : Fast 1100mV 0C Model Minimum Pulse Width 'clk'
Slack : -0.662
TNS   : -460.096

------------------------------------------------------------
