------------------------------------------------------------
Timing Analyzer Summary
------------------------------------------------------------

Type  : Slow 1100mV 85C Model Setup 'clk'
Slack : -11.725
TNS   : -24094.847

Type  : Slow 1100mV 85C Model Hold 'clk'
Slack : 0.381
TNS   : 0.000

Type  : Slow 1100mV 85C Model Minimum Pulse Width 'clk'
Slack : -0.554
TNS   : -2173.560

Type  : Slow 1100mV 0C Model Setup 'clk'
Slack : -11.585
TNS   : -23614.400

Type  : Slow 1100mV 0C Model Hold 'clk'
Slack : 0.380
TNS   : 0.000

Type  : Slow 1100mV 0C Model Minimum Pulse Width 'clk'
Slack : -0.524
TNS   : -2111.195

Type  : Fast 1100mV 85C Model Setup 'clk'
Slack : -6.569
TNS   : -13253.651

Type  : Fast 1100mV 85C Model Hold 'clk'
Slack : 0.201
TNS   : 0.000

Type  : Fast 1100mV 85C Model Minimum Pulse Width 'clk'
Slack : -0.654
TNS   : -2211.158

Type  : Fast 1100mV 0C Model Setup 'clk'
Slack : -5.821
TNS   : -11754.976

Type  : Fast 1100mV 0C Model Hold 'clk'
Slack : 0.191
TNS   : 0.000

Type  : Fast 1100mV 0C Model Minimum Pulse Width 'clk'
Slack : -0.671
TNS   : -2320.815

------------------------------------------------------------
