------------------------------------------------------------
Timing Analyzer Summary
------------------------------------------------------------

Type  : Slow 1100mV 85C Model Setup 'RISCV:RISCV|Program_Counter:Program_Counter|address[2]'
Slack : -25.372
TNS   : -776.111

Type  : Slow 1100mV 85C Model Setup 'VGA_Controller|vgaclock|clk|video_pll_0|video_pll|altera_pll_i|general[1].gpll~PLL_OUTPUT_COUNTER|divclk'
Slack : -23.651
TNS   : -8252.248

Type  : Slow 1100mV 85C Model Setup 'clk'
Slack : -19.820
TNS   : -72763.386

Type  : Slow 1100mV 85C Model Hold 'clk'
Slack : -0.372
TNS   : -21.572

Type  : Slow 1100mV 85C Model Hold 'VGA_Controller|vgaclock|clk|video_pll_0|video_pll|altera_pll_i|general[1].gpll~PLL_OUTPUT_COUNTER|divclk'
Slack : 0.486
TNS   : 0.000

Type  : Slow 1100mV 85C Model Hold 'RISCV:RISCV|Program_Counter:Program_Counter|address[2]'
Slack : 1.781
TNS   : 0.000

Type  : Slow 1100mV 85C Model Minimum Pulse Width 'RISCV:RISCV|Program_Counter:Program_Counter|address[2]'
Slack : -0.659
TNS   : -32.846

Type  : Slow 1100mV 85C Model Minimum Pulse Width 'clk'
Slack : -0.536
TNS   : -3694.652

Type  : Slow 1100mV 85C Model Minimum Pulse Width 'VGA_Controller|vgaclock|clk|video_pll_0|video_pll|altera_pll_i|general[0].gpll~FRACTIONAL_PLL|vcoph[0]'
Slack : 1.500
TNS   : 0.000

Type  : Slow 1100mV 85C Model Minimum Pulse Width 'VGA_Controller|vgaclock|clk|video_pll_0|video_pll|altera_pll_i|general[1].gpll~PLL_OUTPUT_COUNTER|divclk'
Slack : 5.287
TNS   : 0.000

Type  : Slow 1100mV 85C Model Minimum Pulse Width 'clk_dedicated'
Slack : 9.670
TNS   : 0.000

Type  : Slow 1100mV 0C Model Setup 'RISCV:RISCV|Program_Counter:Program_Counter|address[2]'
Slack : -24.976
TNS   : -761.879

Type  : Slow 1100mV 0C Model Setup 'VGA_Controller|vgaclock|clk|video_pll_0|video_pll|altera_pll_i|general[1].gpll~PLL_OUTPUT_COUNTER|divclk'
Slack : -22.928
TNS   : -7978.828

Type  : Slow 1100mV 0C Model Setup 'clk'
Slack : -19.131
TNS   : -70565.436

Type  : Slow 1100mV 0C Model Hold 'clk'
Slack : -0.468
TNS   : -30.639

Type  : Slow 1100mV 0C Model Hold 'VGA_Controller|vgaclock|clk|video_pll_0|video_pll|altera_pll_i|general[1].gpll~PLL_OUTPUT_COUNTER|divclk'
Slack : 0.477
TNS   : 0.000

Type  : Slow 1100mV 0C Model Hold 'RISCV:RISCV|Program_Counter:Program_Counter|address[2]'
Slack : 1.811
TNS   : 0.000

Type  : Slow 1100mV 0C Model Minimum Pulse Width 'RISCV:RISCV|Program_Counter:Program_Counter|address[2]'
Slack : -0.677
TNS   : -36.143

Type  : Slow 1100mV 0C Model Minimum Pulse Width 'clk'
Slack : -0.510
TNS   : -3576.508

Type  : Slow 1100mV 0C Model Minimum Pulse Width 'VGA_Controller|vgaclock|clk|video_pll_0|video_pll|altera_pll_i|general[0].gpll~FRACTIONAL_PLL|vcoph[0]'
Slack : 1.500
TNS   : 0.000

Type  : Slow 1100mV 0C Model Minimum Pulse Width 'VGA_Controller|vgaclock|clk|video_pll_0|video_pll|altera_pll_i|general[1].gpll~PLL_OUTPUT_COUNTER|divclk'
Slack : 5.244
TNS   : 0.000

Type  : Slow 1100mV 0C Model Minimum Pulse Width 'clk_dedicated'
Slack : 9.673
TNS   : 0.000

Type  : Fast 1100mV 85C Model Setup 'RISCV:RISCV|Program_Counter:Program_Counter|address[2]'
Slack : -14.653
TNS   : -450.802

Type  : Fast 1100mV 85C Model Setup 'VGA_Controller|vgaclock|clk|video_pll_0|video_pll|altera_pll_i|general[1].gpll~PLL_OUTPUT_COUNTER|divclk'
Slack : -14.273
TNS   : -4526.402

Type  : Fast 1100mV 85C Model Setup 'clk'
Slack : -12.706
TNS   : -44745.719

Type  : Fast 1100mV 85C Model Hold 'clk'
Slack : 0.069
TNS   : 0.000

Type  : Fast 1100mV 85C Model Hold 'VGA_Controller|vgaclock|clk|video_pll_0|video_pll|altera_pll_i|general[1].gpll~PLL_OUTPUT_COUNTER|divclk'
Slack : 0.271
TNS   : 0.000

Type  : Fast 1100mV 85C Model Hold 'RISCV:RISCV|Program_Counter:Program_Counter|address[2]'
Slack : 1.248
TNS   : 0.000

Type  : Fast 1100mV 85C Model Minimum Pulse Width 'clk'
Slack : -0.639
TNS   : -3686.895

Type  : Fast 1100mV 85C Model Minimum Pulse Width 'RISCV:RISCV|Program_Counter:Program_Counter|address[2]'
Slack : -0.261
TNS   : -9.186

Type  : Fast 1100mV 85C Model Minimum Pulse Width 'VGA_Controller|vgaclock|clk|video_pll_0|video_pll|altera_pll_i|general[0].gpll~FRACTIONAL_PLL|vcoph[0]'
Slack : 1.500
TNS   : 0.000

Type  : Fast 1100mV 85C Model Minimum Pulse Width 'VGA_Controller|vgaclock|clk|video_pll_0|video_pll|altera_pll_i|general[1].gpll~PLL_OUTPUT_COUNTER|divclk'
Slack : 5.549
TNS   : 0.000

Type  : Fast 1100mV 85C Model Minimum Pulse Width 'clk_dedicated'
Slack : 9.336
TNS   : 0.000

Type  : Fast 1100mV 0C Model Setup 'RISCV:RISCV|Program_Counter:Program_Counter|address[2]'
Slack : -13.361
TNS   : -409.499

Type  : Fast 1100mV 0C Model Setup 'VGA_Controller|vgaclock|clk|video_pll_0|video_pll|altera_pll_i|general[1].gpll~PLL_OUTPUT_COUNTER|divclk'
Slack : -12.735
TNS   : -4153.303

Type  : Fast 1100mV 0C Model Setup 'clk'
Slack : -10.991
TNS   : -39234.226

Type  : Fast 1100mV 0C Model Hold 'clk'
Slack : -0.113
TNS   : -0.583

Type  : Fast 1100mV 0C Model Hold 'VGA_Controller|vgaclock|clk|video_pll_0|video_pll|altera_pll_i|general[1].gpll~PLL_OUTPUT_COUNTER|divclk'
Slack : 0.253
TNS   : 0.000

Type  : Fast 1100mV 0C Model Hold 'RISCV:RISCV|Program_Counter:Program_Counter|address[2]'
Slack : 1.086
TNS   : 0.000

Type  : Fast 1100mV 0C Model Minimum Pulse Width 'clk'
Slack : -0.664
TNS   : -3926.399

Type  : Fast 1100mV 0C Model Minimum Pulse Width 'RISCV:RISCV|Program_Counter:Program_Counter|address[2]'
Slack : -0.159
TNS   : -5.202

Type  : Fast 1100mV 0C Model Minimum Pulse Width 'VGA_Controller|vgaclock|clk|video_pll_0|video_pll|altera_pll_i|general[0].gpll~FRACTIONAL_PLL|vcoph[0]'
Slack : 1.500
TNS   : 0.000

Type  : Fast 1100mV 0C Model Minimum Pulse Width 'VGA_Controller|vgaclock|clk|video_pll_0|video_pll|altera_pll_i|general[1].gpll~PLL_OUTPUT_COUNTER|divclk'
Slack : 5.540
TNS   : 0.000

Type  : Fast 1100mV 0C Model Minimum Pulse Width 'clk_dedicated'
Slack : 9.286
TNS   : 0.000

------------------------------------------------------------
